\BOOKMARK [1][-]{section.1}{\376\377\133\236\232\214\0008\000\040\131\032\146\156\122\322\145\110\136\224\176\374\124\010\133\236\232\214\000\040\000\040\000\040\230\204\116\140\142\245\124\112}{}% 1
\BOOKMARK [2][-]{subsection.1.1}{\376\377\133\236\232\214\166\356\166\204}{section.1}% 2
\BOOKMARK [2][-]{subsection.1.2}{\376\377\116\352\126\150\165\050\121\167}{section.1}% 3
\BOOKMARK [2][-]{subsection.1.3}{\376\377\123\237\164\006\151\202\217\360}{section.1}% 4
\BOOKMARK [3][-]{subsubsection.1.3.1}{\376\377\116\000\060\001\211\343\221\312\215\205\130\360\166\204\131\032\146\156\122\322\145\110\136\224}{subsection.1.3}% 5
\BOOKMARK [3][-]{subsubsection.1.3.2}{\376\377\116\214\060\001\173\200\217\360\116\072\116\300\116\110\220\011\142\351\215\205\130\360\166\204\176\242\131\026\214\003\122\066\116\016\143\245\145\066}{subsection.1.3}% 6
\BOOKMARK [3][-]{subsubsection.1.3.3}{\376\377\116\011\060\001\173\200\217\360\232\214\213\301\131\032\146\156\122\322\145\110\136\224\136\166\165\061\155\113\221\317\145\160\143\156\213\241\173\227\130\360\220\037\166\204\145\271\154\325\123\312\153\145\232\244}{subsection.1.3}% 7
\BOOKMARK [3][-]{subsubsection.1.3.4}{\376\377\126\333\060\001\173\200\217\360\170\024\172\166\201\352\165\061\204\075\117\123\217\320\122\250\377\014\154\102\201\352\165\061\204\075\117\123\122\240\220\037\136\246\166\204\145\271\154\325\123\312\153\145\232\244}{subsection.1.3}% 8
\BOOKMARK [3][-]{subsubsection.1.3.5}{\376\377\116\224\060\001\173\200\217\360\170\024\172\166\173\200\214\020\143\057\122\250\166\204\145\271\154\325\123\312\153\145\232\244}{subsection.1.3}% 9
\BOOKMARK [2][-]{subsection.1.4}{\376\377\133\236\232\214\122\115\140\035\200\003\230\230}{section.1}% 10
\BOOKMARK [1][-]{section*.4}{\376\377\133\236\232\214\0008\000\040\131\032\146\156\122\322\145\110\136\224\176\374\124\010\133\236\232\214\000\040\133\236\232\214\213\260\137\125}{}% 11
\BOOKMARK [2][-]{subsection.2.1}{\376\377\116\000\060\001\232\214\213\301\131\032\146\156\122\322\145\110\136\224\136\166\165\061\155\113\221\317\145\160\143\156\213\241\173\227\130\360\220\037}{section*.4}% 12
\BOOKMARK [3][-]{subsubsection.2.1.1}{\376\377\0001\000.\000\040\133\236\232\214\145\160\143\156\213\260\137\125}{subsection.2.1}% 13
\BOOKMARK [3][-]{subsubsection.2.1.2}{\376\377\0002\000.\000\040\150\071\143\156\123\237\131\313\155\113\221\317\145\160\143\156\377\014\120\132\121\372\000f\000-\000V\146\362\176\277\060\002\213\241\173\227\166\364\176\277\145\234\163\207\000k\000\040\000\050\0001\000/\000m\000\051\124\214\130\360\220\037\155\113\221\317\120\074\000u\000=\000f\0000\000/\000k\000\040\000\050\000m\000/\000s\000\051\060\002\134\006\213\241\173\227\120\074\116\016\130\360\220\037\164\006\213\272\120\074\217\333\210\114\153\324\217\203\377\014\122\006\147\220\213\357\135\356\060\002}{subsection.2.1}% 14
\BOOKMARK [2][-]{subsection.2.2}{\376\377\116\214\060\001\170\024\172\166\201\352\165\061\204\075\117\123\217\320\122\250\377\014\154\102\201\352\165\061\204\075\117\123\122\240\220\037\136\246}{section*.4}% 15
\BOOKMARK [3][-]{subsubsection.2.2.1}{\376\377\0001\000.\000\040\133\236\232\214\145\160\143\156\213\260\137\125}{subsection.2.2}% 16
\BOOKMARK [3][-]{subsubsection.2.2.2}{\376\377\0002\000.\000\040\150\071\143\156\116\012\210\150\123\237\131\313\155\113\221\317\145\160\143\156\377\014\213\241\173\227\221\315\122\233\122\240\220\037\136\246\166\204\120\074\060\002\134\006\133\236\232\214\213\241\173\227\120\074\116\016\137\123\127\060\166\204\221\315\122\233\122\240\220\037\136\246\164\006\213\272\120\074\217\333\210\114\153\324\217\203\377\014\136\166\122\006\147\220\213\357\135\356\060\002}{subsection.2.2}% 17
\BOOKMARK [2][-]{subsection.2.3}{\376\377\116\011\060\001\170\024\172\166\173\200\214\020\143\057\122\250}{section*.4}% 18
\BOOKMARK [3][-]{subsubsection.2.3.1}{\376\377\0001\000.\000\040\133\236\232\214\145\160\143\156\213\260\137\125}{subsection.2.3}% 19
\BOOKMARK [3][-]{subsubsection.2.3.2}{\376\377\0002\000.\000\040\150\071\143\156\123\237\131\313\155\113\221\317\145\160\143\156\377\014\213\241\173\227\137\071\174\047\166\204\143\057\122\250\211\322\230\221\163\207\000=\0002\000/\000T\377\033\150\071\143\156\137\071\174\047\166\204\123\302\145\160\377\014\213\241\173\227\126\372\147\011\211\322\230\221\163\207\377\033\134\006\133\236\232\214\155\113\137\227\166\204\211\322\230\221\163\207\145\160\143\156\116\016\164\006\213\272\120\074\153\324\217\203\377\014\122\006\147\220\213\357\135\356\060\002}{subsection.2.3}% 20
\BOOKMARK [2][-]{subsection.2.4}{\376\377\126\333\060\001\170\024\172\166\123\000\123\330\220\037\166\364\176\277\217\320\122\250\377\014\232\214\213\301\162\133\230\177\173\054\116\214\217\320\122\250\133\232\137\213\377\010\220\011\120\132\230\230\377\011}{section*.4}% 21
\BOOKMARK [3][-]{subsubsection.2.4.1}{\376\377\0001\000.\000\040\133\236\232\214\145\160\143\156\213\260\137\125}{subsection.2.4}% 22
\BOOKMARK [3][-]{subsubsection.2.4.2}{\376\377\0002\000.\000\040\116\345\133\236\232\214\137\227\121\372\166\204\122\240\220\037\136\246\000a\117\134\176\265\217\164\377\014\000[\000\050\0001\000-\000C\000\051\000M\000-\000m\000]\000/\000[\000\050\0001\000-\000C\000\051\000M\000+\000m\000+\000J\000/\000R\0002\000]\117\134\152\052\217\164\117\134\126\376\060\002\122\006\147\220\116\012\126\376\116\055\166\204\121\163\174\373\146\057\124\046\116\072\176\277\140\047\121\163\174\373\377\037\202\345\146\057\176\277\140\047\121\163\174\373\377\014\154\102\121\372\166\364\176\277\166\204\145\234\163\207\123\163\221\315\122\233\122\240\220\037\136\246\060\002\213\364\146\016\173\046\124\010\133\236\232\214\213\262\116\111\116\055\000\050\0009\000\051\137\017\143\317\217\360\166\204\211\304\137\213\377\014\232\214\213\301\116\206\162\133\230\177\173\054\116\214\133\232\137\213\060\002}{subsection.2.4}% 23
\BOOKMARK [1][-]{section.3}{\376\377\226\104\137\125\377\032\133\236\232\214\123\237\131\313\213\260\137\125}{}% 24
